<html>
<body>
<pre>
<h1>µVision Build Log</h1>
<h2>Project:</h2>
B:\LEARNING\CA\CIA2\Switch\switch.uvproj
Project File Date:  04/14/2024

<h2>Output:</h2>
Rebuild target 'Target 1'
assembling Startup.s...
compiling switch.c...
switch.c(35): warning:  #111-D: statement is unreachable
        return 0;
switch.c: 1 warning, 0 errors
linking...
Program Size: Code=592 RO-data=16 RW-data=0 ZI-data=1256  
".\switch.axf" - 0 Error(s), 1 Warning(s).
</pre>
</body>
</html>
1256  
".\switch.axf" - 0 Error(s), 2 Warning(s).
