<html>
<body>
<pre>
<h1>µVision Build Log</h1>
<h2>Project:</h2>
B:\LEARNING\CA\CIA2\Motor\motor.uvproj
Project File Date:  04/14/2024

<h2>Output:</h2>
Rebuild target 'Target 1'
assembling Startup.s...
compiling stepper-motor.c...
linking...
Program Size: Code=564 RO-data=16 RW-data=0 ZI-data=1256  
".\motor.axf" - 0 Error(s), 0 Warning(s).
</pre>
</body>
</html>
Size: Code=564 RO-data=16 RW-data=0 ZI-data=1256  
".\motor.axf" - 0 Error(s), 1 Warning(s).
error
".\motor.axf" - 1 Error(s), 1 Warning(s).
Target not created
 int a = 200;
stepper-motor.c(49): warning:  #1-D: last line of file ends without a newline
  };
stepper-motor.c: 1 warning, 3 errors
".\motor.axf" - 3 Error(s), 1 Warning(s).
Target not created
er-motor.c: 2 warnings, 3 errors
".\motor.axf" - 3 Error(s), 2 Warning(s).
Target not created
reated
