<html>
<body>
<pre>
<h1>µVision Build Log</h1>
<h2>Project:</h2>
B:\LEARNING\CA\a\a.uvproj
Project File Date:  02/25/2024

<h2>Output:</h2>
Build target 'Target 1'
assembling lineasearch.s...
linking...
Program Size: Code=44 RO-data=0 RW-data=0 ZI-data=0  
".\a.axf" - 0 Error(s), 0 Warning(s).
ctive at end of file
".\a.axf" - 1 Error(s), 1 Warning(s).
Target not created
a directive missing
test.s(3): warning: A1088W: Faking declaration of area AREA |$$$$$$$|
".\a.axf" - 3 Error(s), 1 Warning(s).
Target not created
