<html>
<body>
<pre>
<h1>µVision Build Log</h1>
<h2>Project:</h2>
B:\LEARNING\CA\CIA2\UART\uart.uvproj
Project File Date:  04/14/2024

<h2>Output:</h2>
Rebuild target 'Target 1'
assembling Startup.s...
compiling uart.c...
uart.c(72): warning:  #1-D: last line of file ends without a newline
  }
uart.c: 1 warning, 0 errors
linking...
Program Size: Code=668 RO-data=16 RW-data=0 ZI-data=1256  
".\uart.axf" - 0 Error(s), 1 Warning(s).
</pre>
</body>
</html>
c(72): warning:  #1-D: last line of file ends without a newline
  }
uart.c: 1 warning, 0 errors
"uart.c" - 0 Error(s), 1 Warning(s).
